#0 building with "default" instance using docker driver

#1 [internal] load build definition from Dockerfile.letsencrypt
#1 transferring dockerfile: 1.96kB done
#1 DONE 0.0s

#2 [internal] load metadata for docker.io/certbot/certbot:latest
#2 DONE 0.1s

#3 [internal] load .dockerignore
#3 transferring context: 2B done
#3 DONE 0.0s

#4 [phase1 1/2] FROM docker.io/certbot/certbot:latest@sha256:9626d72120577cf72da4fc7948806e9993598981720a4cbe04340a502468d67b
#4 CACHED

#5 [internal] load build context
#5 transferring context: 35B done
#5 DONE 0.0s

#6 [phase2 1/4] RUN apk add --no-cache jq openssl
#6 CACHED

#7 [phase2 2/4] COPY /opt/dev-purebliss/services/letsencrypt/configs/ /opt/config/
#7 ERROR: failed to calculate checksum of ref ebf62be0-5011-4c1f-a1c8-27c02d5f480e::pbstunqpqpf0pehfjz5initfy: "/opt/dev-purebliss/services/letsencrypt/configs": not found

#8 [phase2 3/4] COPY /opt/dev-purebliss/services/letsencrypt/*.conf /opt/config/
#8 CACHED

#9 [phase3 2/3] RUN chmod +x /entrypoint.sh
#9 CACHED

#10 [phase2 4/4] RUN mkdir -p /etc/letsencrypt/live /var/log/letsencrypt
#10 CACHED

#11 [phase3 1/3] COPY entrypoint.sh /entrypoint.sh
#11 CACHED

#12 [phase3 3/3] COPY /opt/dev-purebliss/services/letsencrypt/scripts/ /opt/scripts/
#12 ERROR: failed to calculate checksum of ref ebf62be0-5011-4c1f-a1c8-27c02d5f480e::pbstunqpqpf0pehfjz5initfy: "/opt/dev-purebliss/services/letsencrypt/scripts": not found

#13 [phase1 2/2] RUN apk add --no-cache curl
#13 CANCELED
------
 > [phase2 2/4] COPY /opt/dev-purebliss/services/letsencrypt/configs/ /opt/config/:
------
------
 > [phase3 3/3] COPY /opt/dev-purebliss/services/letsencrypt/scripts/ /opt/scripts/:
------
Dockerfile.letsencrypt:28
--------------------
  26 |     COPY entrypoint.sh /entrypoint.sh
  27 |     RUN chmod +x /entrypoint.sh
  28 | >>> COPY /opt/dev-purebliss/services/letsencrypt/scripts/ /opt/scripts/
  29 |     
  30 |     
--------------------
ERROR: failed to build: failed to solve: failed to compute cache key: failed to calculate checksum of ref ebf62be0-5011-4c1f-a1c8-27c02d5f480e::pbstunqpqpf0pehfjz5initfy: "/opt/dev-purebliss/services/letsencrypt/scripts": not found
