#0 building with "default" instance using docker driver

#1 [internal] load build definition from loki-autonomous-dockerfile
#1 transferring dockerfile: 647B done
#1 DONE 0.0s

#2 [internal] load metadata for docker.io/grafana/loki:2.9.0
#2 DONE 0.0s

#3 [internal] load .dockerignore
#3 transferring context: 2B done
#3 DONE 0.0s

#4 [1/6] FROM docker.io/grafana/loki:2.9.0
#4 DONE 0.0s

#5 [internal] load build context
#5 transferring context: 2B done
#5 DONE 0.0s

#6 [2/6] RUN apk add --no-cache curl bash netcat-openbsd
#6 CACHED

#7 [3/6] RUN mkdir -p /etc/loki /loki/data /loki/chunks
#7 CACHED

#8 [4/6] COPY local-config.yaml /etc/loki/local-config.yaml
#8 ERROR: failed to calculate checksum of ref ebf62be0-5011-4c1f-a1c8-27c02d5f480e::li15408ygwchekpmkvi4lutxj: "/local-config.yaml": not found
------
 > [4/6] COPY local-config.yaml /etc/loki/local-config.yaml:
------
loki-autonomous-dockerfile:11
--------------------
   9 |     
  10 |     # Copy config
  11 | >>> COPY local-config.yaml /etc/loki/local-config.yaml
  12 |     
  13 |     # Set permissions
--------------------
ERROR: failed to build: failed to solve: failed to compute cache key: failed to calculate checksum of ref ebf62be0-5011-4c1f-a1c8-27c02d5f480e::li15408ygwchekpmkvi4lutxj: "/local-config.yaml": not found
